[pipeline] Starting Terraform
[0m[1mInitializing the backend...[0m
[0m[32m
Successfully configured the backend "s3"! Terraform will automatically
use this backend unless the backend configuration changes.[0m

[0m[1mInitializing modules...[0m

[0m[1mInitializing provider plugins...[0m
- Reusing previous version of larstobi/multipass from the dependency lock file
- Using previously-installed larstobi/multipass v1.4.3

[0m[1m[32mTerraform has been successfully initialized![0m[32m[0m
[0m[32m
You may now begin working with Terraform. Try running "terraform plan" to see
any changes that are required for your infrastructure. All Terraform commands
should now work.

If you ever set or change modules or backend configuration for Terraform,
rerun this command to reinitialize your working directory. If you forget, other
commands will detect it and remind you to do so if necessary.[0m
[0m[1mmodule.app_server["api"].multipass_instance.this: Refreshing state... [name=kijanikiosk-api][0m
[0m[1mmodule.app_server["payments"].multipass_instance.this: Refreshing state... [name=kijanikiosk-payments][0m
[0m[1mmodule.app_server["logs"].multipass_instance.this: Refreshing state... [name=kijanikiosk-logs][0m

[0m[1m[32mNo changes.[0m[1m Your infrastructure matches the configuration.[0m

[0mTerraform has compared your real infrastructure against your configuration
and found no differences, so no changes are needed.
[0m[1m[32m
Apply complete! Resources: 0 added, 0 changed, 0 destroyed.[0m
[0m[1m[32m
Outputs:

[0mapi_ip = "10.219.245.31"
logs_ip = "10.219.245.86"
payments_ip = "10.219.245.2"
server_ips = {
  "api" = "10.219.245.31"
  "logs" = "10.219.245.86"
  "payments" = "10.219.245.2"
}
ssh_commands = {
  "api" = "ssh ubuntu@10.219.245.31"
  "logs" = "ssh ubuntu@10.219.245.86"
  "payments" = "ssh ubuntu@10.219.245.2"
}
[pipeline] Reading dynamically assigned server IPs
[pipeline] API server: 10.219.245.31
[pipeline] Payments server: 10.219.245.2
[pipeline] Logs server: 10.219.245.86
[pipeline] Generating dynamic Ansible inventory
[pipeline] Checking SSH/Ansible connectivity
api | SUCCESS => {
    "changed": false,
    "ping": "pong"
}
logs | SUCCESS => {
    "changed": false,
    "ping": "pong"
}
payments | SUCCESS => {
    "changed": false,
    "ping": "pong"
}
[pipeline] Applying Ansible configuration

PLAY [Configure KijaniKiosk production servers] ********************************

TASK [Gathering Facts] *********************************************************
ok: [payments]
ok: [api]
ok: [logs]

TASK [Phase 1 - Install required packages] *************************************
ok: [logs]
ok: [api]
ok: [payments]

TASK [Phase 2 - Create KijaniKiosk service accounts] ***************************
ok: [payments] => (item=kk-api)
ok: [logs] => (item=kk-api)
ok: [api] => (item=kk-api)
ok: [payments] => (item=kk-payments)
ok: [logs] => (item=kk-payments)
ok: [api] => (item=kk-payments)
ok: [logs] => (item=kk-logs)
ok: [payments] => (item=kk-logs)
ok: [api] => (item=kk-logs)

TASK [Phase 3 - Create KijaniKiosk root directory] *****************************
ok: [api]
ok: [logs]
ok: [payments]

TASK [Phase 3 - Create service directory] **************************************
ok: [api]
ok: [payments]
ok: [logs]

TASK [Phase 3 - Create log directory] ******************************************
ok: [api]
ok: [logs]
ok: [payments]

TASK [Phase 3 - Create service state directory] ********************************
skipping: [logs]
ok: [api]
ok: [payments]

TASK [Phase 4 - Install systemd service] ***************************************
ok: [payments]
ok: [api]
ok: [logs]

TASK [Phase 4 - Create service start script] ***********************************
ok: [api]
ok: [payments]
ok: [logs]

TASK [Phase 4 - Enable and start KijaniKiosk service] **************************
ok: [api]
ok: [logs]
ok: [payments]

TASK [Phase 5 - Install firewall package] **************************************
ok: [payments]
ok: [api]
ok: [logs]

TASK [Phase 5 - Allow SSH] *****************************************************
ok: [api]
ok: [logs]
ok: [payments]

TASK [Phase 5 - Enable firewall] ***********************************************
ok: [payments]
ok: [api]
ok: [logs]

TASK [Phase 6 - Create journald configuration directory] ***********************
ok: [api]
ok: [payments]
ok: [logs]

TASK [Phase 6 - Configure persistent journald] *********************************
ok: [api]
ok: [payments]
ok: [logs]

TASK [Phase 7 - Configure logrotate] *******************************************
ok: [api]
ok: [payments]
ok: [logs]

PLAY RECAP *********************************************************************
api                        : ok=16   changed=0    unreachable=0    failed=0    skipped=0    rescued=0    ignored=0   
logs                       : ok=15   changed=0    unreachable=0    failed=0    skipped=1    rescued=0    ignored=0   
payments                   : ok=16   changed=0    unreachable=0    failed=0    skipped=0    rescued=0    ignored=0   

[pipeline] Pipeline completed successfully
